Martin Lazslo, 
Richard Koutny,
Alex Szabo,
Alexander Kostial